MemTotal:       16384256 kB
MemFree:         1234567 kB
MemAvailable:    3456789 kB
Buffers:          234567 kB
Cached:          4567890 kB
SwapCached:            0 kB
Active:          6789012 kB
Inactive:        1234567 kB
Active(anon):    3456789 kB
Inactive(anon):   987654 kB
Active(file):    3332223 kB
Inactive(file):   246813 kB
Unevictable:         123 kB
Mlocked:             123 kB
SwapTotal:       2097148 kB
SwapFree:        2097148 kB
Dirty:               456 kB
Writeback:             0 kB
AnonPages:       3210987 kB
Mapped:           876543 kB
Shmem:            543210 kB
KReclaimable:     123456 kB
Slab:             234567 kB
SReclaimable:     123456 kB
SUnreclaim:       111111 kB
KernelStack:       12345 kB
PageTables:        67890 kB
NFS_Unstable:          0 kB
Bounce:                0 kB
WritebackTmp:          0 kB
CommitLimit:     10240000 kB
Committed_AS:    5432100 kB
VmallocTotal:   34359738367 kB
VmallocUsed:      123456 kB
VmallocChunk:   34359600000 kB
Percpu:            12345 kB
HardwareCorrupted:     0 kB
AnonHugePages:    234567 kB
ShmemHugePages:        0 kB
ShmemPmdMapped:        0 kB
FileHugePages:         0 kB
FilePmdMapped:         0 kB
